Archive member included to satisfy reference by file (symbol)

d:/tools/imt_sdk_win_64/winarm/armgcc/bin/../lib/gcc/arm-none-eabi/7.2.1/../../../../arm-none-eabi/lib/thumb/v7e-m\libg_nano.a(lib_a-errno.o)
                              ./system/src/newlib/_sbrk.o (__errno)
d:/tools/imt_sdk_win_64/winarm/armgcc/bin/../lib/gcc/arm-none-eabi/7.2.1/../../../../arm-none-eabi/lib/thumb/v7e-m\libg_nano.a(lib_a-impure.o)
                              d:/tools/imt_sdk_win_64/winarm/armgcc/bin/../lib/gcc/arm-none-eabi/7.2.1/../../../../arm-none-eabi/lib/thumb/v7e-m\libg_nano.a(lib_a-errno.o) (_impure_ptr)
d:/tools/imt_sdk_win_64/winarm/armgcc/bin/../lib/gcc/arm-none-eabi/7.2.1/../../../../arm-none-eabi/lib/thumb/v7e-m\libg_nano.a(lib_a-strlen.o)
                              ./system/src/diag/Trace.o (strlen)
d:/tools/imt_sdk_win_64/winarm/armgcc/bin/../lib/gcc/arm-none-eabi/7.2.1/../../../../arm-none-eabi/lib/thumb/v7e-m\libg_nano.a(lib_a-vsnprintf.o)
                              ./system/src/diag/Trace.o (vsnprintf)
d:/tools/imt_sdk_win_64/winarm/armgcc/bin/../lib/gcc/arm-none-eabi/7.2.1/../../../../arm-none-eabi/lib/thumb/v7e-m\libg_nano.a(lib_a-nano-svfprintf.o)
                              d:/tools/imt_sdk_win_64/winarm/armgcc/bin/../lib/gcc/arm-none-eabi/7.2.1/../../../../arm-none-eabi/lib/thumb/v7e-m\libg_nano.a(lib_a-vsnprintf.o) (_svfprintf_r)
d:/tools/imt_sdk_win_64/winarm/armgcc/bin/../lib/gcc/arm-none-eabi/7.2.1/../../../../arm-none-eabi/lib/thumb/v7e-m\libg_nano.a(lib_a-nano-vfprintf_i.o)
                              d:/tools/imt_sdk_win_64/winarm/armgcc/bin/../lib/gcc/arm-none-eabi/7.2.1/../../../../arm-none-eabi/lib/thumb/v7e-m\libg_nano.a(lib_a-nano-svfprintf.o) (_printf_i)
d:/tools/imt_sdk_win_64/winarm/armgcc/bin/../lib/gcc/arm-none-eabi/7.2.1/../../../../arm-none-eabi/lib/thumb/v7e-m\libg_nano.a(lib_a-memchr.o)
                              d:/tools/imt_sdk_win_64/winarm/armgcc/bin/../lib/gcc/arm-none-eabi/7.2.1/../../../../arm-none-eabi/lib/thumb/v7e-m\libg_nano.a(lib_a-nano-svfprintf.o) (memchr)
d:/tools/imt_sdk_win_64/winarm/armgcc/bin/../lib/gcc/arm-none-eabi/7.2.1/../../../../arm-none-eabi/lib/thumb/v7e-m\libg_nano.a(lib_a-memcpy-stub.o)
                              d:/tools/imt_sdk_win_64/winarm/armgcc/bin/../lib/gcc/arm-none-eabi/7.2.1/../../../../arm-none-eabi/lib/thumb/v7e-m\libg_nano.a(lib_a-nano-svfprintf.o) (memcpy)
d:/tools/imt_sdk_win_64/winarm/armgcc/bin/../lib/gcc/arm-none-eabi/7.2.1/../../../../arm-none-eabi/lib/thumb/v7e-m\libg_nano.a(lib_a-memmove.o)
                              d:/tools/imt_sdk_win_64/winarm/armgcc/bin/../lib/gcc/arm-none-eabi/7.2.1/../../../../arm-none-eabi/lib/thumb/v7e-m\libg_nano.a(lib_a-nano-svfprintf.o) (memmove)
d:/tools/imt_sdk_win_64/winarm/armgcc/bin/../lib/gcc/arm-none-eabi/7.2.1/../../../../arm-none-eabi/lib/thumb/v7e-m\libg_nano.a(lib_a-nano-freer.o)
                              d:/tools/imt_sdk_win_64/winarm/armgcc/bin/../lib/gcc/arm-none-eabi/7.2.1/../../../../arm-none-eabi/lib/thumb/v7e-m\libg_nano.a(lib_a-nano-svfprintf.o) (_free_r)
d:/tools/imt_sdk_win_64/winarm/armgcc/bin/../lib/gcc/arm-none-eabi/7.2.1/../../../../arm-none-eabi/lib/thumb/v7e-m\libg_nano.a(lib_a-nano-mallocr.o)
                              d:/tools/imt_sdk_win_64/winarm/armgcc/bin/../lib/gcc/arm-none-eabi/7.2.1/../../../../arm-none-eabi/lib/thumb/v7e-m\libg_nano.a(lib_a-nano-svfprintf.o) (_malloc_r)
d:/tools/imt_sdk_win_64/winarm/armgcc/bin/../lib/gcc/arm-none-eabi/7.2.1/../../../../arm-none-eabi/lib/thumb/v7e-m\libg_nano.a(lib_a-nano-reallocr.o)
                              d:/tools/imt_sdk_win_64/winarm/armgcc/bin/../lib/gcc/arm-none-eabi/7.2.1/../../../../arm-none-eabi/lib/thumb/v7e-m\libg_nano.a(lib_a-nano-svfprintf.o) (_realloc_r)
d:/tools/imt_sdk_win_64/winarm/armgcc/bin/../lib/gcc/arm-none-eabi/7.2.1/../../../../arm-none-eabi/lib/thumb/v7e-m\libg_nano.a(lib_a-sbrkr.o)
                              d:/tools/imt_sdk_win_64/winarm/armgcc/bin/../lib/gcc/arm-none-eabi/7.2.1/../../../../arm-none-eabi/lib/thumb/v7e-m\libg_nano.a(lib_a-nano-mallocr.o) (_sbrk_r)
d:/tools/imt_sdk_win_64/winarm/armgcc/bin/../lib/gcc/arm-none-eabi/7.2.1/../../../../arm-none-eabi/lib/thumb/v7e-m\libg_nano.a(lib_a-mlock.o)
                              d:/tools/imt_sdk_win_64/winarm/armgcc/bin/../lib/gcc/arm-none-eabi/7.2.1/../../../../arm-none-eabi/lib/thumb/v7e-m\libg_nano.a(lib_a-nano-freer.o) (__malloc_lock)
d:/tools/imt_sdk_win_64/winarm/armgcc/bin/../lib/gcc/arm-none-eabi/7.2.1/../../../../arm-none-eabi/lib/thumb/v7e-m\libg_nano.a(lib_a-nano-msizer.o)
                              d:/tools/imt_sdk_win_64/winarm/armgcc/bin/../lib/gcc/arm-none-eabi/7.2.1/../../../../arm-none-eabi/lib/thumb/v7e-m\libg_nano.a(lib_a-nano-reallocr.o) (_malloc_usable_size_r)

Allocating common symbols
Common symbol       size              file

errno               0x4               ./system/src/newlib/_syscalls.o
[...]
Memory Configuration

Name             Origin             Length             Attributes
RAM              0x20000000         0x00010000         xrw
CCMRAM           0x10000000         0x00000000         xrw
FLASH            0x08000000         0x00040000         xr
FLASHB1          0x00000000         0x00000000         xr
EXTMEMB0         0x00000000         0x00000000         xr
EXTMEMB1         0x00000000         0x00000000         xr
EXTMEMB2         0x00000000         0x00000000         xr
EXTMEMB3         0x00000000         0x00000000         xr
*default*        0x00000000         0xffffffff

Linker script and memory map

LOAD ./system/src/stm32f4-hal/stm32f4xx_hal.o
LOAD ./system/src/stm32f4-hal/stm32f4xx_hal_cortex.o
LOAD ./system/src/stm32f4-hal/stm32f4xx_hal_dfsdm.o
LOAD ./system/src/stm32f4-hal/stm32f4xx_hal_flash.o
LOAD ./system/src/stm32f4-hal/stm32f4xx_hal_gpio.o
LOAD ./system/src/stm32f4-hal/stm32f4xx_hal_iwdg.o
LOAD ./system/src/stm32f4-hal/stm32f4xx_hal_pwr.o
LOAD ./system/src/stm32f4-hal/stm32f4xx_hal_rcc.o
LOAD ./system/src/newlib/_cxx.o
LOAD ./system/src/newlib/_exit.o
LOAD ./system/src/newlib/_sbrk.o
LOAD ./system/src/newlib/_startup.o
LOAD ./system/src/newlib/_syscalls.o
LOAD ./system/src/newlib/assert.o
LOAD ./system/src/diag/Trace.o
LOAD ./system/src/diag/trace_impl.o
LOAD ./system/src/cortexm/_initialize_hardware.o
LOAD ./system/src/cortexm/_reset_hardware.o
LOAD ./system/src/cortexm/exception_handlers.o
LOAD ./system/src/cmsis/system_stm32f4xx.o
LOAD ./system/src/cmsis/vectors_stm32f401xc.o
LOAD ./src/GPTIM _program.o
LOAD ./src/HIR_program.o
LOAD ./src/HR2RDAC_program.o
LOAD ./src/HTFT_program.o
LOAD ./src/MEXTI_program.o
LOAD ./src/MGPIO_program.o
LOAD ./src/MNVIC_program.o
LOAD ./src/MRCC_program.o
LOAD ./src/MSPI_program.o
LOAD ./src/MSYSTICK_program.o
LOAD ./src/OS_prg.o
LOAD ./src/TIMER2_program.o
LOAD ./src/main.o
LOAD d:/tools/imt_sdk_win_64/winarm/armgcc/bin/../lib/gcc/arm-none-eabi/7.2.1/../../../../arm-none-eabi/lib/thumb/v7e-m\libstdc++_nano.a
LOAD d:/tools/imt_sdk_win_64/winarm/armgcc/bin/../lib/gcc/arm-none-eabi/7.2.1/../../../../arm-none-eabi/lib/thumb/v7e-m\libm.a
START GROUP
LOAD d:/tools/imt_sdk_win_64/winarm/armgcc/bin/../lib/gcc/arm-none-eabi/7.2.1/thumb/v7e-m\libgcc.a
LOAD d:/tools/imt_sdk_win_64/winarm/armgcc/bin/../lib/gcc/arm-none-eabi/7.2.1/../../../../arm-none-eabi/lib/thumb/v7e-m\libg_nano.a
LOAD d:/tools/imt_sdk_win_64/winarm/armgcc/bin/../lib/gcc/arm-none-eabi/7.2.1/../../../../arm-none-eabi/lib/thumb/v7e-m\libc_nano.a
END GROUP
START GROUP
LOAD d:/tools/imt_sdk_win_64/winarm/armgcc/bin/../lib/gcc/arm-none-eabi/7.2.1/thumb/v7e-m\libgcc.a
LOAD d:/tools/imt_sdk_win_64/winarm/armgcc/bin/../lib/gcc/arm-none-eabi/7.2.1/../../../../arm-none-eabi/lib/thumb/v7e-m\libc_nano.a
END GROUP
                0x20010000                __stack = (ORIGIN (RAM) + LENGTH (RAM))
                0x20010000                _estack = __stack
                0x00000400                __Main_Stack_Size = 0x400
                [!provide]                PROVIDE (_Main_Stack_Size, __Main_Stack_Size)
                0x2000fc00                __Main_Stack_Limit = (__stack - __Main_Stack_Size)
                [!provide]                PROVIDE (_Main_Stack_Limit, __Main_Stack_Limit)
                0x00000100                _Minimum_Stack_Size = 0x100
                0x200002f0                PROVIDE (_Heap_Begin, _end_noinit)
                0x2000fc00                PROVIDE (_Heap_Limit, (__stack - __Main_Stack_Size))

.isr_vector     0x08000000      0x3f4
 FILL mask 0xff
                0x08000000                __vectors_start = ABSOLUTE (.)
                0x08000000                __vectors_start__ = ABSOLUTE (.)
 *(.isr_vector)
 .isr_vector    0x08000000      0x194 ./system/src/cmsis/vectors_stm32f401xc.o
                0x08000000                __isr_vectors
 *(.cfmconfig)
 *(.after_vectors .after_vectors.*)
 .after_vectors
                0x08000194      0x130 ./system/src/newlib/_startup.o
                0x08000194                _start
 .after_vectors
                0x080002c4      0x12c ./system/src/cortexm/exception_handlers.o
                0x080002c4                Reset_Handler
                0x080002ca                NMI_Handler
                0x080002ce                HardFault_Handler
                0x080002e2                HardFault_Handler_C
                0x08000340                MemManage_Handler
                0x08000344                BusFault_Handler
                0x08000358                BusFault_Handler_C
                0x0800038c                UsageFault_Handler
                0x080003a0                UsageFault_Handler_C
                0x080003d4                SVC_Handler
                0x080003d8                DebugMon_Handler
                0x080003dc                PendSV_Handler
 .after_vectors
                0x080003f0        0x4 ./system/src/cmsis/vectors_stm32f401xc.o
                0x080003f0                RTC_Alarm_IRQHandler
                0x080003f0                EXTI2_IRQHandler
                0x080003f0                SPI4_IRQHandler
                0x080003f0                TIM1_CC_IRQHandler
                0x080003f0                DMA2_Stream5_IRQHandler
                0x080003f0                DMA1_Stream5_IRQHandler
                0x080003f0                PVD_IRQHandler
                0x080003f0                SDIO_IRQHandler
                0x080003f0                TAMP_STAMP_IRQHandler
                0x080003f0                EXTI3_IRQHandler
                0x080003f0                TIM1_UP_TIM10_IRQHandler
                0x080003f0                I2C3_ER_IRQHandler
                0x080003f0                I2C2_EV_IRQHandler
                0x080003f0                DMA1_Stream2_IRQHandler
                0x080003f0                FPU_IRQHandler
                0x080003f0                DMA2_Stream2_IRQHandler
                0x080003f0                SPI1_IRQHandler
                0x080003f0                TIM1_BRK_TIM9_IRQHandler
                0x080003f0                DMA2_Stream3_IRQHandler
                0x080003f0                USART6_IRQHandler
                0x080003f0                DMA2_Stream0_IRQHandler
                0x080003f0                TIM4_IRQHandler
                0x080003f0                I2C1_EV_IRQHandler
                0x080003f0                DMA1_Stream6_IRQHandler
                0x080003f0                DMA1_Stream1_IRQHandler
                0x080003f0                RCC_IRQHandler
                0x080003f0                Default_Handler
                0x080003f0                EXTI15_10_IRQHandler
                0x080003f0                ADC_IRQHandler
                0x080003f0                DMA1_Stream7_IRQHandler
                0x080003f0                TIM5_IRQHandler
                0x080003f0                DMA2_Stream7_IRQHandler
                0x080003f0                I2C3_EV_IRQHandler
                0x080003f0                EXTI9_5_IRQHandler
                0x080003f0                RTC_WKUP_IRQHandler
                0x080003f0                SPI2_IRQHandler
                0x080003f0                DMA1_Stream0_IRQHandler
                0x080003f0                EXTI4_IRQHandler
                0x080003f0                WWDG_IRQHandler
                0x080003f0                TIM2_IRQHandler
                0x080003f0                OTG_FS_WKUP_IRQHandler
                0x080003f0                TIM1_TRG_COM_TIM11_IRQHandler
                0x080003f0                USART2_IRQHandler
                0x080003f0                I2C2_ER_IRQHandler
                0x080003f0                DMA2_Stream1_IRQHandler
                0x080003f0                FLASH_IRQHandler
                0x080003f0                DMA2_Stream4_IRQHandler
                0x080003f0                USART1_IRQHandler
                0x080003f0                OTG_FS_IRQHandler
                0x080003f0                SPI3_IRQHandler
                0x080003f0                DMA1_Stream4_IRQHandler
                0x080003f0                I2C1_ER_IRQHandler
                0x080003f0                DMA2_Stream6_IRQHandler
                0x080003f0                DMA1_Stream3_IRQHandler

.inits          0x080003f4       0x28
                0x080003f4                __data_regions_array_start = .
                0x080003f4        0x4 LONG 0x8021ecc LOADADDR (.data)
                0x080003f8        0x4 LONG 0x20000000 ADDR (.data)
                0x080003fc        0x4 LONG 0x2000007c (ADDR (.data) + SIZEOF (.data))
                0x08000400        0x4 LONG 0x8021ecc LOADADDR (.data_CCMRAM)
                0x08000404        0x4 LONG 0x10000000 ADDR (.data_CCMRAM)
                0x08000408        0x4 LONG 0x10000000 (ADDR (.data_CCMRAM) + SIZEOF (.data_CCMRAM))
                0x0800040c                __data_regions_array_end = .
                0x0800040c                __bss_regions_array_start = .
                0x0800040c        0x4 LONG 0x2000007c ADDR (.bss)
                0x08000410        0x4 LONG 0x200002f0 (ADDR (.bss) + SIZEOF (.bss))
                0x08000414        0x4 LONG 0x10000000 ADDR (.bss_CCMRAM)
                0x08000418        0x4 LONG 0x10000000 (ADDR (.bss_CCMRAM) + SIZEOF (.bss_CCMRAM))
                0x0800041c                __bss_regions_array_end = .
 *(.init)
 *(.fini)
                0x0800041c                . = ALIGN (0x4)
                0x0800041c                PROVIDE (__preinit_array_start, .)
 *(.preinit_array_sysinit .preinit_array_sysinit.*)
 *(.preinit_array_platform .preinit_array_platform.*)
 *(.preinit_array .preinit_array.*)
                0x0800041c                PROVIDE (__preinit_array_end, .)
                0x0800041c                . = ALIGN (0x4)
                0x0800041c                PROVIDE (__init_array_start, .)
 *(SORT_BY_NAME(.init_array.*))
 *(.init_array)
                0x0800041c                PROVIDE (__init_array_end, .)
                0x0800041c                . = ALIGN (0x4)
                0x0800041c                PROVIDE (__fini_array_start, .)
 *(SORT_BY_NAME(.fini_array.*))
 *(.fini_array)
                0x0800041c                PROVIDE (__fini_array_end, .)

.flashtext
 *(.flashtext .flashtext.*)

.text           0x08000420    0x21aab
 *(.text .text.*)
 .text._exit    0x08000420        0x2 ./system/src/newlib/_exit.o
                0x08000420                _exit
 *fill*         0x08000422        0x2 
 .text._sbrk    0x08000424       0x44 ./system/src/newlib/_sbrk.o
                0x08000424                _sbrk
 .text.__initialize_args
                0x08000468       0x10 ./system/src/newlib/_syscalls.o
                0x08000468                __initialize_args
 .text.trace_printf
                0x08000478       0x30 ./system/src/diag/Trace.o
                0x08000478                trace_printf
 .text._trace_write_semihosting_debug
                0x080004a8       0x60 ./system/src/diag/trace_impl.o
 .text.trace_write
                0x08000508        0x8 ./system/src/diag/trace_impl.o
                0x08000508                trace_write
 .text.__initialize_hardware_early
                0x08000510       0x18 ./system/src/cortexm/_initialize_hardware.o
                0x08000510                __initialize_hardware_early
 .text.__initialize_hardware
                0x08000528        0x8 ./system/src/cortexm/_initialize_hardware.o
                0x08000528                __initialize_hardware
 .text.dumpExceptionStack
                0x08000530       0xf4 ./system/src/cortexm/exception_handlers.o
                0x08000530                dumpExceptionStack
 .text.isSemihosting
                0x08000624       0x20 ./system/src/cortexm/exception_handlers.o
                0x08000624                isSemihosting
 .text.SystemInit
                0x08000644       0x40 ./system/src/cmsis/system_stm32f4xx.o
                0x08000644                SystemInit
 .text.SystemCoreClockUpdate
                0x08000684       0x9c ./system/src/cmsis/system_stm32f4xx.o
                0x08000684                SystemCoreClockUpdate
 .text.TIM3_voidInit
                0x08000720       0x3c ./src/GPTIM _program.o
                0x08000720                TIM3_voidInit
 .text.TIM3_voidSetIntervalSingle
                0x0800075c       0x8c ./src/GPTIM _program.o
                0x0800075c                TIM3_voidSetIntervalSingle
 .text.TIM3_u16GetElapsedTime
                0x080007e8       0x2c ./src/GPTIM _program.o
                0x080007e8                TIM3_u16GetElapsedTime
 .text.TIM3_IRQHandler
                0x08000814       0xd8 ./src/GPTIM _program.o
                0x08000814                TIM3_IRQHandler
 .text.HIR_voidReceiveData
                0x080008ec       0x44 ./src/HIR_program.o
                0x080008ec                HIR_voidReceiveData
 .text.HIR_voidParseData
                0x08000930       0x80 ./src/HIR_program.o
                0x08000930                HIR_voidParseData
 .text.HIR_voidReceiveFrame
                0x080009b0       0x4c ./src/HIR_program.o
                0x080009b0                HIR_voidReceiveFrame
 .text.HR2RDAC_voidinit
                0x080009fc       0xb4 ./src/HR2RDAC_program.o
                0x080009fc                HR2RDAC_voidinit
 .text.HR2RDAC_voidSetData
                0x08000ab0       0x86 ./src/HR2RDAC_program.o
                0x08000ab0                HR2RDAC_voidSetData
 .text.HTFT_voidWriteData
                0x08000b36       0x1e ./src/HTFT_program.o
 .text.HTFT_voidSendCMD
                0x08000b54       0x1e ./src/HTFT_program.o
 .text.HTFT_voidInit
                0x08000b72       0x72 ./src/HTFT_program.o
                0x08000b72                HTFT_voidInit
 .text.HTFT_voidDisplay
                0x08000be4       0x68 ./src/HTFT_program.o
                0x08000be4                HTFT_voidDisplay
 .text.MEXTI_voidInterruptSetPort
                0x08000c4c       0x34 ./src/MEXTI_program.o
                0x08000c4c                MEXTI_voidInterruptSetPort
 .text.MEXTI_voidInterruptEnableDisable
                0x08000c80       0x30 ./src/MEXTI_program.o
                0x08000c80                MEXTI_voidInterruptEnableDisable
 .text.MEXTI_voidInterruptTrigger
                0x08000cb0       0x58 ./src/MEXTI_program.o
                0x08000cb0                MEXTI_voidInterruptTrigger
 .text.MEXTI0_voidCallBack
                0x08000d08        0xc ./src/MEXTI_program.o
                0x08000d08                MEXTI0_voidCallBack
 .text.EXTI0_IRQHandler
                0x08000d14       0x1c ./src/MEXTI_program.o
                0x08000d14                EXTI0_IRQHandler
 .text.EXTI1_IRQHandler
                0x08000d30       0x1c ./src/MEXTI_program.o
                0x08000d30                EXTI1_IRQHandler
 .text.MGPIO_voidSetMode
                0x08000d4c       0x7c ./src/MGPIO_program.o
                0x08000d4c                MGPIO_voidSetMode
 .text.MGPIO_voidSetOutputMode
                0x08000dc8       0xe8 ./src/MGPIO_program.o
                0x08000dc8                MGPIO_voidSetOutputMode
 .text.MGPIO_voidWritePin
                0x08000eb0       0x98 ./src/MGPIO_program.o
                0x08000eb0                MGPIO_voidWritePin
 .text.MGPIO_voidSetResetPin
                0x08000f48       0x98 ./src/MGPIO_program.o
                0x08000f48                MGPIO_voidSetResetPin
 .text.MGPIO_voidSetAlt
                0x08000fe0       0x9c ./src/MGPIO_program.o
                0x08000fe0                MGPIO_voidSetAlt
 .text.NVIC_voidEnable
                0x0800107c       0x24 ./src/MNVIC_program.o
                0x0800107c                NVIC_voidEnable
 .text.NVIC_voidSetInterruptGroupMode
                0x080010a0       0x1c ./src/MNVIC_program.o
                0x080010a0                NVIC_voidSetInterruptGroupMode
 .text.NVIC_voidSetInterruptPriority
                0x080010bc       0xa4 ./src/MNVIC_program.o
                0x080010bc                NVIC_voidSetInterruptPriority
 .text.MRCC_voidInit
                0x08001160       0x2c ./src/MRCC_program.o
                0x08001160                MRCC_voidInit
 .text.MRCC_voidEnable
                0x0800118c       0x50 ./src/MRCC_program.o
                0x0800118c                MRCC_voidEnable
 .text.MSPI_voidInit
                0x080011dc       0x50 ./src/MSPI_program.o
                0x080011dc                MSPI_voidInit
 .text.MSPI_voidTranseive
                0x0800122c       0x24 ./src/MSPI_program.o
                0x0800122c                MSPI_voidTranseive
 .text.MSYSTICK_voidInit
                0x08001250       0x10 ./src/MSYSTICK_program.o
                0x08001250                MSYSTICK_voidInit
 .text.MSYSTICK_voidStart
                0x08001260       0x18 ./src/MSYSTICK_program.o
                0x08001260                MSYSTICK_voidStart
 .text.MSYSTICK_voidReadFlag
                0x08001278       0x10 ./src/MSYSTICK_program.o
                0x08001278                MSYSTICK_voidReadFlag
 .text.MSYSTICK_voidCtrlIntState
                0x08001288       0x24 ./src/MSYSTICK_program.o
                0x08001288                MSYSTICK_voidCtrlIntState
 .text.MSYSTICK_voidDelayms
                0x080012ac       0x20 ./src/MSYSTICK_program.o
                0x080012ac                MSYSTICK_voidDelayms
 .text.MSYSTICK_voidSetInterval_periodic
                0x080012cc       0x24 ./src/MSYSTICK_program.o
                0x080012cc                MSYSTICK_voidSetInterval_periodic
 .text.SysTick_Handler
                0x080012f0       0x30 ./src/MSYSTICK_program.o
                0x080012f0                SysTick_Handler
 .text.Scheduler
                0x08001320       0x4c ./src/OS_prg.o
                0x08001320                Scheduler
 .text.StartOS  0x0800136c       0x10 ./src/OS_prg.o
                0x0800136c                StartOS
 .text.OS_u8CreateTask
                0x0800137c       0x38 ./src/OS_prg.o
                0x0800137c                OS_u8CreateTask
 .text.TIMER2_delayus
                0x080013b4       0x30 ./src/TIMER2_program.o
                0x080013b4                TIMER2_delayus
 .text.play     0x080013e4       0x50 ./src/main.o
                0x080013e4                play
 .text.main     0x08001434      0x12c ./src/main.o
                0x08001434                main
 .text.__errno  0x08001560        0xc d:/tools/imt_sdk_win_64/winarm/armgcc/bin/../lib/gcc/arm-none-eabi/7.2.1/../../../../arm-none-eabi/lib/thumb/v7e-m\libg_nano.a(lib_a-errno.o)
                0x08001560                __errno
 .text._vsnprintf_r
                0x0800156c       0x58 d:/tools/imt_sdk_win_64/winarm/armgcc/bin/../lib/gcc/arm-none-eabi/7.2.1/../../../../arm-none-eabi/lib/thumb/v7e-m\libg_nano.a(lib_a-vsnprintf.o)
                0x0800156c                _vsniprintf_r
                0x0800156c                _vsnprintf_r
 .text.vsnprintf
                0x080015c4       0x1c d:/tools/imt_sdk_win_64/winarm/armgcc/bin/../lib/gcc/arm-none-eabi/7.2.1/../../../../arm-none-eabi/lib/thumb/v7e-m\libg_nano.a(lib_a-vsnprintf.o)
                0x080015c4                vsniprintf
                0x080015c4                vsnprintf
 .text.__ssputs_r
                0x080015e0       0xb4 d:/tools/imt_sdk_win_64/winarm/armgcc/bin/../lib/gcc/arm-none-eabi/7.2.1/../../../../arm-none-eabi/lib/thumb/v7e-m\libg_nano.a(lib_a-nano-svfprintf.o)
                0x080015e0                __ssputs_r
 .text._svfprintf_r
                0x08001694      0x1ec d:/tools/imt_sdk_win_64/winarm/armgcc/bin/../lib/gcc/arm-none-eabi/7.2.1/../../../../arm-none-eabi/lib/thumb/v7e-m\libg_nano.a(lib_a-nano-svfprintf.o)
                0x08001694                _svfiprintf_r
                0x08001694                _svfprintf_r
 .text._printf_common
                0x08001880       0xea d:/tools/imt_sdk_win_64/winarm/armgcc/bin/../lib/gcc/arm-none-eabi/7.2.1/../../../../arm-none-eabi/lib/thumb/v7e-m\libg_nano.a(lib_a-nano-vfprintf_i.o)
                0x08001880                _printf_common
 *fill*         0x0800196a        0x2 
 .text._printf_i
                0x0800196c      0x224 d:/tools/imt_sdk_win_64/winarm/armgcc/bin/../lib/gcc/arm-none-eabi/7.2.1/../../../../arm-none-eabi/lib/thumb/v7e-m\libg_nano.a(lib_a-nano-vfprintf_i.o)
                0x0800196c                _printf_i
 .text          0x08001b90       0xa0 d:/tools/imt_sdk_win_64/winarm/armgcc/bin/../lib/gcc/arm-none-eabi/7.2.1/../../../../arm-none-eabi/lib/thumb/v7e-m\libg_nano.a(lib_a-memchr.o)
                0x08001b90                memchr
 .text.memcpy   0x08001c30       0x16 d:/tools/imt_sdk_win_64/winarm/armgcc/bin/../lib/gcc/arm-none-eabi/7.2.1/../../../../arm-none-eabi/lib/thumb/v7e-m\libg_nano.a(lib_a-memcpy-stub.o)
                0x08001c30                memcpy
 .text.memmove  0x08001c46       0x32 d:/tools/imt_sdk_win_64/winarm/armgcc/bin/../lib/gcc/arm-none-eabi/7.2.1/../../../../arm-none-eabi/lib/thumb/v7e-m\libg_nano.a(lib_a-memmove.o)
                0x08001c46                memmove
 .text._free_r  0x08001c78       0x9c d:/tools/imt_sdk_win_64/winarm/armgcc/bin/../lib/gcc/arm-none-eabi/7.2.1/../../../../arm-none-eabi/lib/thumb/v7e-m\libg_nano.a(lib_a-nano-freer.o)
                0x08001c78                _free_r
 .text._malloc_r
                0x08001d14       0xb4 d:/tools/imt_sdk_win_64/winarm/armgcc/bin/../lib/gcc/arm-none-eabi/7.2.1/../../../../arm-none-eabi/lib/thumb/v7e-m\libg_nano.a(lib_a-nano-mallocr.o)
                0x08001d14                _malloc_r
 .text._realloc_r
                0x08001dc8       0x4c d:/tools/imt_sdk_win_64/winarm/armgcc/bin/../lib/gcc/arm-none-eabi/7.2.1/../../../../arm-none-eabi/lib/thumb/v7e-m\libg_nano.a(lib_a-nano-reallocr.o)
                0x08001dc8                _realloc_r
 .text._sbrk_r  0x08001e14       0x20 d:/tools/imt_sdk_win_64/winarm/armgcc/bin/../lib/gcc/arm-none-eabi/7.2.1/../../../../arm-none-eabi/lib/thumb/v7e-m\libg_nano.a(lib_a-sbrkr.o)
                0x08001e14                _sbrk_r
 .text.__malloc_lock
                0x08001e34        0x2 d:/tools/imt_sdk_win_64/winarm/armgcc/bin/../lib/gcc/arm-none-eabi/7.2.1/../../../../arm-none-eabi/lib/thumb/v7e-m\libg_nano.a(lib_a-mlock.o)
                0x08001e34                __malloc_lock
 .text.__malloc_unlock
                0x08001e36        0x2 d:/tools/imt_sdk_win_64/winarm/armgcc/bin/../lib/gcc/arm-none-eabi/7.2.1/../../../../arm-none-eabi/lib/thumb/v7e-m\libg_nano.a(lib_a-mlock.o)
                0x08001e36                __malloc_unlock
 .text._malloc_usable_size_r
                0x08001e38       0x10 d:/tools/imt_sdk_win_64/winarm/armgcc/bin/../lib/gcc/arm-none-eabi/7.2.1/../../../../arm-none-eabi/lib/thumb/v7e-m\libg_nano.a(lib_a-nano-msizer.o)
                0x08001e38                _malloc_usable_size_r
 *(.rodata .rodata.* .constdata .constdata.*)
 .rodata.dumpExceptionStack.str1.4
                0x08001e48      0x11a ./system/src/cortexm/exception_handlers.o
 *fill*         0x08001f62        0x2 
 .rodata.str1.4
                0x08001f64       0x2c ./system/src/cortexm/exception_handlers.o
                                 0x2a (size before relaxing)
 .rodata.AHBPrescTable
                0x08001f90       0x10 ./system/src/cmsis/system_stm32f4xx.o
                0x08001f90                AHBPrescTable
 .rodata.song_raw
                0x08001fa0     0xbef8 ./src/main.o
                0x08001fa0                song_raw
 .rodata.u16imageArr
                0x0800de98     0xa000 ./src/main.o
                0x0800de98                u16imageArr
 .rodata.u16imageArr1
                0x08017e98     0xa000 ./src/main.o
                0x08017e98                u16imageArr1
 .rodata._svfprintf_r.str1.1
                0x08021e98       0x11 d:/tools/imt_sdk_win_64/winarm/armgcc/bin/../lib/gcc/arm-none-eabi/7.2.1/../../../../arm-none-eabi/lib/thumb/v7e-m\libg_nano.a(lib_a-nano-svfprintf.o)
 .rodata._printf_i.str1.1
                0x08021ea9       0x22 d:/tools/imt_sdk_win_64/winarm/armgcc/bin/../lib/gcc/arm-none-eabi/7.2.1/../../../../arm-none-eabi/lib/thumb/v7e-m\libg_nano.a(lib_a-nano-vfprintf_i.o)
 *(vtable)
 *(.eh_frame*)
 *(.glue_7)
 .glue_7        0x08021ecb        0x0 linker stubs
 *(.glue_7t)
 .glue_7t       0x08021ecb        0x0 linker stubs

.vfp11_veneer   0x08021ecc        0x0
 .vfp11_veneer  0x08021ecc        0x0 linker stubs

.v4_bx          0x08021ecc        0x0
 .v4_bx         0x08021ecc        0x0 linker stubs

.iplt           0x08021ecc        0x0
 .iplt          0x08021ecc        0x0 ./system/src/newlib/_exit.o

.rel.dyn        0x08021ecc        0x0
 .rel.iplt      0x08021ecc        0x0 ./system/src/newlib/_exit.o

.ARM.extab
 *(.ARM.extab* .gnu.linkonce.armextab.*)
                0x08021ecc                . = ALIGN (0x4)
                0x08021ecc                __exidx_start = .

.ARM.exidx
 *(.ARM.exidx* .gnu.linkonce.armexidx.*)
                0x08021ecc                __exidx_end = .
                0x08021ecc                . = ALIGN (0x4)
                0x08021ecc                _etext = .
                0x08021ecc                __etext = .

.data_CCMRAM    0x10000000        0x0 load address 0x08021ecc
 FILL mask 0xff
 *(.data.CCMRAM .data.CCMRAM.*)
                0x10000000                . = ALIGN (0x4)
                0x08021ecc                _sidata = LOADADDR (.data)

.data           0x20000000       0x7c load address 0x08021ecc
 FILL mask 0xff
                0x20000000                _sdata = .
                0x20000000                __data_start__ = .
 *(.data_begin .data_begin.*)
 .data_begin    0x20000000        0x4 ./system/src/newlib/_startup.o
 *(.data .data.*)
 .data.argv.4310
                0x20000004        0x8 ./system/src/newlib/_syscalls.o
 .data.SystemCoreClock
                0x2000000c        0x4 ./system/src/cmsis/system_stm32f4xx.o
                0x2000000c                SystemCoreClock
 .data.Global3_uint8Flag
                0x20000010        0x1 ./src/GPTIM _program.o
 *fill*         0x20000011        0x3 ff
 .data._impure_ptr
                0x20000014        0x4 d:/tools/imt_sdk_win_64/winarm/armgcc/bin/../lib/gcc/arm-none-eabi/7.2.1/../../../../arm-none-eabi/lib/thumb/v7e-m\libg_nano.a(lib_a-impure.o)
                0x20000014                _impure_ptr
 .data.impure_data
                0x20000018       0x60 d:/tools/imt_sdk_win_64/winarm/armgcc/bin/../lib/gcc/arm-none-eabi/7.2.1/../../../../arm-none-eabi/lib/thumb/v7e-m\libg_nano.a(lib_a-impure.o)
 *(.data_end .data_end.*)
 .data_end      0x20000078        0x4 ./system/src/newlib/_startup.o
                0x2000007c                . = ALIGN (0x4)
                0x2000007c                _edata = .
                0x2000007c                __data_end__ = .

.igot.plt       0x2000007c        0x0 load address 0x08021f48
 .igot.plt      0x2000007c        0x0 ./system/src/newlib/_exit.o

.bss_CCMRAM     0x10000000        0x0
 *(.bss.CCMRAM .bss.CCMRAM.*)

.bss            0x2000007c      0x274
                0x2000007c                __bss_start__ = .
                0x2000007c                _sbss = .
 *(.bss_begin .bss_begin.*)
 .bss_begin     0x2000007c        0x4 ./system/src/newlib/_startup.o
 *(.bss .bss.*)
 .bss.current_heap_end.3961
                0x20000080        0x4 ./system/src/newlib/_sbrk.o
 .bss.name.4309
                0x20000084        0x1 ./system/src/newlib/_syscalls.o
 *fill*         0x20000085        0x3 
 .bss.buf.5205  0x20000088       0x80 ./system/src/diag/Trace.o
 .bss.Global3_uint32CopyRoutine
                0x20000108        0x4 ./src/GPTIM _program.o
 .bss.Global3_uint32Fraction
                0x2000010c        0x4 ./src/GPTIM _program.o
 .bss.Global3_uint32Routine
                0x20000110        0x4 ./src/GPTIM _program.o
 .bss.TIM3_CallBack
                0x20000114        0x4 ./src/GPTIM _program.o
 .bss.TIM3_uint8ModeOfInterval
                0x20000118        0x1 ./src/GPTIM _program.o
 .bss.buttonPressed
                0x20000119        0x1 ./src/HIR_program.o
                0x20000119                buttonPressed
 *fill*         0x2000011a        0x2 
 .bss.u32FrameData
                0x2000011c       0xc8 ./src/HIR_program.o
                0x2000011c                u32FrameData
 .bss.u8DataReceived
                0x200001e4        0x1 ./src/HIR_program.o
                0x200001e4                u8DataReceived
 .bss.u8EdgeCounter
                0x200001e5        0x1 ./src/HIR_program.o
                0x200001e5                u8EdgeCounter
 .bss.u8Flag    0x200001e6        0x1 ./src/HIR_program.o
                0x200001e6                u8Flag
 *fill*         0x200001e7        0x1 
 .bss.GlobalExti_PTR
                0x200001e8       0x40 ./src/MEXTI_program.o
 .bss.Global_u8GroupPriority
                0x20000228        0x1 ./src/MNVIC_program.o
 *fill*         0x20000229        0x3 
 .bss.SYSTICK_SET_CALLBACK_PERIODIC
                0x2000022c        0x4 ./src/MSYSTICK_program.o
                0x2000022c                SYSTICK_SET_CALLBACK_PERIODIC
 .bss.SYSTICK_SET_CALLBACK_SINGLE
                0x20000230        0x4 ./src/MSYSTICK_program.o
                0x20000230                SYSTICK_SET_CALLBACK_SINGLE
 .bss.SystemTask
                0x20000234       0xa0 ./src/OS_prg.o
                0x20000234                SystemTask
 .bss.__malloc_free_list
                0x200002d4        0x4 d:/tools/imt_sdk_win_64/winarm/armgcc/bin/../lib/gcc/arm-none-eabi/7.2.1/../../../../arm-none-eabi/lib/thumb/v7e-m\libg_nano.a(lib_a-nano-mallocr.o)
                0x200002d4                __malloc_free_list
 .bss.__malloc_sbrk_start
                0x200002d8        0x4 d:/tools/imt_sdk_win_64/winarm/armgcc/bin/../lib/gcc/arm-none-eabi/7.2.1/../../../../arm-none-eabi/lib/thumb/v7e-m\libg_nano.a(lib_a-nano-mallocr.o)
                0x200002d8                __malloc_sbrk_start
 *(COMMON)
 COMMON         0x200002dc        0x4 ./system/src/newlib/_syscalls.o
                0x200002dc                errno
 COMMON         0x200002e0        0xa ./src/OS_prg.o
                0x200002e0                TaskTiming
 *(.bss_end .bss_end.*)
 *fill*         0x200002ea        0x2 
 .bss_end       0x200002ec        0x4 ./system/src/newlib/_startup.o
                0x200002f0                . = ALIGN (0x4)
                0x200002f0                __bss_end__ = .
                0x200002f0                _ebss = .

.noinit_CCMRAM
 *(.noinit.CCMRAM .noinit.CCMRAM.*)

.noinit         0x200002f0        0x0
                0x200002f0                _noinit = .
 *(.noinit .noinit.*)
                0x200002f0                . = ALIGN (0x4)
                0x200002f0                _end_noinit = .
                [!provide]                PROVIDE (end, _end_noinit)
                [!provide]                PROVIDE (_end, _end_noinit)
                [!provide]                PROVIDE (__end, _end_noinit)
                [!provide]                PROVIDE (__end__, _end_noinit)

._check_stack   0x200002f0      0x100
                0x200003f0                . = (. + _Minimum_Stack_Size)
 *fill*         0x200002f0      0x100 

.b1text
 *(.b1text)
 *(.b1rodata)
 *(.b1rodata.*)

.eb0text
 *(.eb0text)
 *(.eb0rodata)
 *(.eb0rodata.*)

.eb1text
 *(.eb1text)
 *(.eb1rodata)
 *(.eb1rodata.*)

.eb2text
 *(.eb2text)
 *(.eb2rodata)
 *(.eb2rodata.*)

.eb3text
 *(.eb3text)
 *(.eb3rodata)
 *(.eb3rodata.*)

.stab
 *(.stab)

.stabstr
 *(.stabstr)

.stab.excl
 *(.stab.excl)

.stab.exclstr
 *(.stab.exclstr)

.stab.index
 *(.stab.index)

.stab.indexstr
 *(.stab.indexstr)

.comment        0x00000000       0x7e
 *(.comment)
 .comment       0x00000000       0x7e ./system/src/newlib/_exit.o
                                 0x7f (size before relaxing)
 .comment       0x0000007e       0x7f ./system/src/newlib/_sbrk.o
 .comment       0x0000007e       0x7f ./system/src/newlib/_startup.o
 .comment       0x0000007e       0x7f ./system/src/newlib/_syscalls.o
 .comment       0x0000007e       0x7f ./system/src/diag/Trace.o
 .comment       0x0000007e       0x7f ./system/src/diag/trace_impl.o
 .comment       0x0000007e       0x7f ./system/src/cortexm/_initialize_hardware.o
 .comment       0x0000007e       0x7f ./system/src/cortexm/exception_handlers.o
 .comment       0x0000007e       0x7f ./system/src/cmsis/system_stm32f4xx.o
 .comment       0x0000007e       0x7f ./system/src/cmsis/vectors_stm32f401xc.o
 .comment       0x0000007e       0x7f ./src/GPTIM _program.o
 .comment       0x0000007e       0x7f ./src/HIR_program.o
 .comment       0x0000007e       0x7f ./src/HR2RDAC_program.o
 .comment       0x0000007e       0x7f ./src/HTFT_program.o
 .comment       0x0000007e       0x7f ./src/MEXTI_program.o
 .comment       0x0000007e       0x7f ./src/MGPIO_program.o
 .comment       0x0000007e       0x7f ./src/MNVIC_program.o
 .comment       0x0000007e       0x7f ./src/MRCC_program.o
 .comment       0x0000007e       0x7f ./src/MSPI_program.o
 .comment       0x0000007e       0x7f ./src/MSYSTICK_program.o
 .comment       0x0000007e       0x7f ./src/OS_prg.o
 .comment       0x0000007e       0x7f ./src/TIMER2_program.o
 .comment       0x0000007e       0x7f ./src/main.o

.ARM.attributes
                0x00000000       0x31
 .ARM.attributes
                0x00000000       0x33 ./system/src/newlib/_exit.o
 .ARM.attributes
                0x00000033       0x33 ./system/src/newlib/_sbrk.o
 .ARM.attributes
                0x00000066       0x33 ./system/src/newlib/_startup.o
 .ARM.attributes
                0x00000099       0x33 ./system/src/newlib/_syscalls.o
 .ARM.attributes
                0x000000cc       0x33 ./system/src/diag/Trace.o
 .ARM.attributes
                0x000000ff       0x33 ./system/src/diag/trace_impl.o
 .ARM.attributes
                0x00000132       0x33 ./system/src/cortexm/_initialize_hardware.o
 .ARM.attributes
                0x00000165       0x33 ./system/src/cortexm/exception_handlers.o
 .ARM.attributes
                0x00000198       0x33 ./system/src/cmsis/system_stm32f4xx.o
 .ARM.attributes
                0x000001cb       0x33 ./system/src/cmsis/vectors_stm32f401xc.o
 .ARM.attributes
                0x000001fe       0x33 ./src/GPTIM _program.o
 .ARM.attributes
                0x00000231       0x33 ./src/HIR_program.o
 .ARM.attributes
                0x00000264       0x33 ./src/HR2RDAC_program.o
 .ARM.attributes
                0x00000297       0x33 ./src/HTFT_program.o
 .ARM.attributes
                0x000002ca       0x33 ./src/MEXTI_program.o
 .ARM.attributes
                0x000002fd       0x33 ./src/MGPIO_program.o
 .ARM.attributes
                0x00000330       0x33 ./src/MNVIC_program.o
 .ARM.attributes
                0x00000363       0x33 ./src/MRCC_program.o
 .ARM.attributes
                0x00000396       0x33 ./src/MSPI_program.o
 .ARM.attributes
                0x000003c9       0x33 ./src/MSYSTICK_program.o
 .ARM.attributes
                0x000003fc       0x33 ./src/OS_prg.o
 .ARM.attributes
                0x0000042f       0x33 ./src/TIMER2_program.o
 .ARM.attributes
                0x00000462       0x33 ./src/main.o
 .ARM.attributes
                0x00000495       0x2e d:/tools/imt_sdk_win_64/winarm/armgcc/bin/../lib/gcc/arm-none-eabi/7.2.1/../../../../arm-none-eabi/lib/thumb/v7e-m\libg_nano.a(lib_a-errno.o)
 .ARM.attributes
                0x000004c3       0x2e d:/tools/imt_sdk_win_64/winarm/armgcc/bin/../lib/gcc/arm-none-eabi/7.2.1/../../../../arm-none-eabi/lib/thumb/v7e-m\libg_nano.a(lib_a-impure.o)
 .ARM.attributes
                0x000004f1       0x2e d:/tools/imt_sdk_win_64/winarm/armgcc/bin/../lib/gcc/arm-none-eabi/7.2.1/../../../../arm-none-eabi/lib/thumb/v7e-m\libg_nano.a(lib_a-vsnprintf.o)
 .ARM.attributes
                0x0000051f       0x2e d:/tools/imt_sdk_win_64/winarm/armgcc/bin/../lib/gcc/arm-none-eabi/7.2.1/../../../../arm-none-eabi/lib/thumb/v7e-m\libg_nano.a(lib_a-nano-svfprintf.o)
 .ARM.attributes
                0x0000054d       0x2e d:/tools/imt_sdk_win_64/winarm/armgcc/bin/../lib/gcc/arm-none-eabi/7.2.1/../../../../arm-none-eabi/lib/thumb/v7e-m\libg_nano.a(lib_a-nano-vfprintf_i.o)
 .ARM.attributes
                0x0000057b       0x1c d:/tools/imt_sdk_win_64/winarm/armgcc/bin/../lib/gcc/arm-none-eabi/7.2.1/../../../../arm-none-eabi/lib/thumb/v7e-m\libg_nano.a(lib_a-memchr.o)
 .ARM.attributes
                0x00000597       0x2e d:/tools/imt_sdk_win_64/winarm/armgcc/bin/../lib/gcc/arm-none-eabi/7.2.1/../../../../arm-none-eabi/lib/thumb/v7e-m\libg_nano.a(lib_a-memcpy-stub.o)
 .ARM.attributes
                0x000005c5       0x2e d:/tools/imt_sdk_win_64/winarm/armgcc/bin/../lib/gcc/arm-none-eabi/7.2.1/../../../../arm-none-eabi/lib/thumb/v7e-m\libg_nano.a(lib_a-memmove.o)
 .ARM.attributes
                0x000005f3       0x2e d:/tools/imt_sdk_win_64/winarm/armgcc/bin/../lib/gcc/arm-none-eabi/7.2.1/../../../../arm-none-eabi/lib/thumb/v7e-m\libg_nano.a(lib_a-nano-freer.o)
 .ARM.attributes
                0x00000621       0x2e d:/tools/imt_sdk_win_64/winarm/armgcc/bin/../lib/gcc/arm-none-eabi/7.2.1/../../../../arm-none-eabi/lib/thumb/v7e-m\libg_nano.a(lib_a-nano-mallocr.o)
 .ARM.attributes
                0x0000064f       0x2e d:/tools/imt_sdk_win_64/winarm/armgcc/bin/../lib/gcc/arm-none-eabi/7.2.1/../../../../arm-none-eabi/lib/thumb/v7e-m\libg_nano.a(lib_a-nano-reallocr.o)
 .ARM.attributes
                0x0000067d       0x2e d:/tools/imt_sdk_win_64/winarm/armgcc/bin/../lib/gcc/arm-none-eabi/7.2.1/../../../../arm-none-eabi/lib/thumb/v7e-m\libg_nano.a(lib_a-sbrkr.o)
 .ARM.attributes
                0x000006ab       0x2e d:/tools/imt_sdk_win_64/winarm/armgcc/bin/../lib/gcc/arm-none-eabi/7.2.1/../../../../arm-none-eabi/lib/thumb/v7e-m\libg_nano.a(lib_a-mlock.o)
 .ARM.attributes
                0x000006d9       0x2e d:/tools/imt_sdk_win_64/winarm/armgcc/bin/../lib/gcc/arm-none-eabi/7.2.1/../../../../arm-none-eabi/lib/thumb/v7e-m\libg_nano.a(lib_a-nano-msizer.o)

.debug
 *(.debug)

.line
 *(.line)

.debug_srcinfo
 *(.debug_srcinfo)

.debug_sfnames
 *(.debug_sfnames)

.debug_aranges  0x00000000      0x538
 *(.debug_aranges)
 .debug_aranges
                0x00000000       0x28 ./system/src/newlib/_exit.o
 .debug_aranges
                0x00000028       0x20 ./system/src/newlib/_sbrk.o
 .debug_aranges
                0x00000048       0x40 ./system/src/newlib/_startup.o
 .debug_aranges
                0x00000088       0x30 ./system/src/newlib/_syscalls.o
 .debug_aranges
                0x000000b8       0x38 ./system/src/diag/Trace.o
 .debug_aranges
                0x000000f0       0x30 ./system/src/diag/trace_impl.o
 .debug_aranges
                0x00000120       0x28 ./system/src/cortexm/_initialize_hardware.o
 .debug_aranges
                0x00000148       0x90 ./system/src/cortexm/exception_handlers.o
 .debug_aranges
                0x000001d8       0x28 ./system/src/cmsis/system_stm32f4xx.o
 .debug_aranges
                0x00000200       0x20 ./system/src/cmsis/vectors_stm32f401xc.o
 .debug_aranges
                0x00000220       0x40 ./src/GPTIM _program.o
 .debug_aranges
                0x00000260       0x30 ./src/HIR_program.o
 .debug_aranges
                0x00000290       0x28 ./src/HR2RDAC_program.o
 .debug_aranges
                0x000002b8       0x38 ./src/HTFT_program.o
 .debug_aranges
                0x000002f0       0x50 ./src/MEXTI_program.o
 .debug_aranges
                0x00000340       0x50 ./src/MGPIO_program.o
 .debug_aranges
                0x00000390       0x48 ./src/MNVIC_program.o
 .debug_aranges
                0x000003d8       0x30 ./src/MRCC_program.o
 .debug_aranges
                0x00000408       0x28 ./src/MSPI_program.o
 .debug_aranges
                0x00000430       0x70 ./src/MSYSTICK_program.o
 .debug_aranges
                0x000004a0       0x48 ./src/OS_prg.o
 .debug_aranges
                0x000004e8       0x28 ./src/TIMER2_program.o
 .debug_aranges
                0x00000510       0x28 ./src/main.o

.debug_pubnames
 *(.debug_pubnames)

.debug_info     0x00000000     0x8fef
 *(.debug_info .gnu.linkonce.wi.*)
 .debug_info    0x00000000      0x956 ./system/src/newlib/_exit.o
 .debug_info    0x00000956      0x942 ./system/src/newlib/_sbrk.o
 .debug_info    0x00001298      0x4bf ./system/src/newlib/_startup.o
 .debug_info    0x00001757      0xa19 ./system/src/newlib/_syscalls.o
 .debug_info    0x00002170      0xb2a ./system/src/diag/Trace.o
 .debug_info    0x00002c9a      0xb6b ./system/src/diag/trace_impl.o
 .debug_info    0x00003805      0xade ./system/src/cortexm/_initialize_hardware.o
 .debug_info    0x000042e3     0x115a ./system/src/cortexm/exception_handlers.o
 .debug_info    0x0000543d      0xcfe ./system/src/cmsis/system_stm32f4xx.o
 .debug_info    0x0000613b       0xca ./system/src/cmsis/vectors_stm32f401xc.o
 .debug_info    0x00006205      0x317 ./src/GPTIM _program.o
 .debug_info    0x0000651c      0x1d8 ./src/HIR_program.o
 .debug_info    0x000066f4      0x4c7 ./src/HR2RDAC_program.o
 .debug_info    0x00006bbb      0x4d3 ./src/HTFT_program.o
 .debug_info    0x0000708e      0x375 ./src/MEXTI_program.o
 .debug_info    0x00007403      0x50b ./src/MGPIO_program.o
 .debug_info    0x0000790e      0x2cf ./src/MNVIC_program.o
 .debug_info    0x00007bdd      0x2ec ./src/MRCC_program.o
 .debug_info    0x00007ec9      0x146 ./src/MSPI_program.o
 .debug_info    0x0000800f      0x31e ./src/MSYSTICK_program.o
 .debug_info    0x0000832d      0x279 ./src/OS_prg.o
 .debug_info    0x000085a6      0x1c6 ./src/TIMER2_program.o
 .debug_info    0x0000876c      0x883 ./src/main.o

.debug_abbrev   0x00000000     0x2159
 *(.debug_abbrev)
 .debug_abbrev  0x00000000      0x1f3 ./system/src/newlib/_exit.o
 .debug_abbrev  0x000001f3      0x1fc ./system/src/newlib/_sbrk.o
 .debug_abbrev  0x000003ef      0x1cb ./system/src/newlib/_startup.o
 .debug_abbrev  0x000005ba      0x234 ./system/src/newlib/_syscalls.o
 .debug_abbrev  0x000007ee      0x276 ./system/src/diag/Trace.o
 .debug_abbrev  0x00000a64      0x2ef ./system/src/diag/trace_impl.o
 .debug_abbrev  0x00000d53      0x1de ./system/src/cortexm/_initialize_hardware.o
 .debug_abbrev  0x00000f31      0x32b ./system/src/cortexm/exception_handlers.o
 .debug_abbrev  0x0000125c      0x216 ./system/src/cmsis/system_stm32f4xx.o
 .debug_abbrev  0x00001472       0x9d ./system/src/cmsis/vectors_stm32f401xc.o
 .debug_abbrev  0x0000150f      0x113 ./src/GPTIM _program.o
 .debug_abbrev  0x00001622      0x114 ./src/HIR_program.o
 .debug_abbrev  0x00001736       0xc6 ./src/HR2RDAC_program.o
 .debug_abbrev  0x000017fc       0xf8 ./src/HTFT_program.o
 .debug_abbrev  0x000018f4       0xfe ./src/MEXTI_program.o
 .debug_abbrev  0x000019f2      0x105 ./src/MGPIO_program.o
 .debug_abbrev  0x00001af7       0xfd ./src/MNVIC_program.o
 .debug_abbrev  0x00001bf4       0xb3 ./src/MRCC_program.o
 .debug_abbrev  0x00001ca7       0x95 ./src/MSPI_program.o
 .debug_abbrev  0x00001d3c      0x146 ./src/MSYSTICK_program.o
 .debug_abbrev  0x00001e82      0x13d ./src/OS_prg.o
 .debug_abbrev  0x00001fbf       0x8c ./src/TIMER2_program.o
 .debug_abbrev  0x0000204b      0x10e ./src/main.o

.debug_line     0x00000000     0x4a6c
 *(.debug_line)
 .debug_line    0x00000000      0x30f ./system/src/newlib/_exit.o
 .debug_line    0x0000030f      0x2c3 ./system/src/newlib/_sbrk.o
 .debug_line    0x000005d2      0x38b ./system/src/newlib/_startup.o
 .debug_line    0x0000095d      0x3c9 ./system/src/newlib/_syscalls.o
 .debug_line    0x00000d26      0x38b ./system/src/diag/Trace.o
 .debug_line    0x000010b1      0xa7f ./system/src/diag/trace_impl.o
 .debug_line    0x00001b30      0x9e8 ./system/src/cortexm/_initialize_hardware.o
 .debug_line    0x00002518      0xb36 ./system/src/cortexm/exception_handlers.o
 .debug_line    0x0000304e      0x9ee ./system/src/cmsis/system_stm32f4xx.o
 .debug_line    0x00003a3c       0xf2 ./system/src/cmsis/vectors_stm32f401xc.o
 .debug_line    0x00003b2e      0x140 ./src/GPTIM _program.o
 .debug_line    0x00003c6e       0xe6 ./src/HIR_program.o
 .debug_line    0x00003d54      0x13d ./src/HR2RDAC_program.o
 .debug_line    0x00003e91      0x15b ./src/HTFT_program.o
 .debug_line    0x00003fec      0x10e ./src/MEXTI_program.o
 .debug_line    0x000040fa      0x1a6 ./src/MGPIO_program.o
 .debug_line    0x000042a0       0xf8 ./src/MNVIC_program.o
 .debug_line    0x00004398       0xdf ./src/MRCC_program.o
 .debug_line    0x00004477       0xcc ./src/MSPI_program.o
 .debug_line    0x00004543      0x17e ./src/MSYSTICK_program.o
 .debug_line    0x000046c1      0x12d ./src/OS_prg.o
 .debug_line    0x000047ee       0xd1 ./src/TIMER2_program.o
 .debug_line    0x000048bf      0x1ad ./src/main.o

.debug_frame    0x00000000      0xcbc
 *(.debug_frame)
 .debug_frame   0x00000000       0x38 ./system/src/newlib/_exit.o
 .debug_frame   0x00000038       0x28 ./system/src/newlib/_sbrk.o
 .debug_frame   0x00000060       0x7c ./system/src/newlib/_startup.o
 .debug_frame   0x000000dc       0x50 ./system/src/newlib/_syscalls.o
 .debug_frame   0x0000012c       0x94 ./system/src/diag/Trace.o
 .debug_frame   0x000001c0       0x64 ./system/src/diag/trace_impl.o
 .debug_frame   0x00000224       0x40 ./system/src/cortexm/_initialize_hardware.o
 .debug_frame   0x00000264      0x158 ./system/src/cortexm/exception_handlers.o
 .debug_frame   0x000003bc       0x30 ./system/src/cmsis/system_stm32f4xx.o
 .debug_frame   0x000003ec       0x20 ./system/src/cmsis/vectors_stm32f401xc.o
 .debug_frame   0x0000040c       0x68 ./src/GPTIM _program.o
 .debug_frame   0x00000474       0x50 ./src/HIR_program.o
 .debug_frame   0x000004c4       0x44 ./src/HR2RDAC_program.o
 .debug_frame   0x00000508       0x84 ./src/HTFT_program.o
 .debug_frame   0x0000058c       0x9c ./src/MEXTI_program.o
 .debug_frame   0x00000628       0xb4 ./src/MGPIO_program.o
 .debug_frame   0x000006dc       0xa0 ./src/MNVIC_program.o
 .debug_frame   0x0000077c       0x40 ./src/MRCC_program.o
 .debug_frame   0x000007bc       0x30 ./src/MSPI_program.o
 .debug_frame   0x000007ec       0xf0 ./src/MSYSTICK_program.o
 .debug_frame   0x000008dc       0xa8 ./src/OS_prg.o
 .debug_frame   0x00000984       0x30 ./src/TIMER2_program.o
 .debug_frame   0x000009b4       0x40 ./src/main.o
 .debug_frame   0x000009f4       0x20 d:/tools/imt_sdk_win_64/winarm/armgcc/bin/../lib/gcc/arm-none-eabi/7.2.1/../../../../arm-none-eabi/lib/thumb/v7e-m\libg_nano.a(lib_a-errno.o)
 .debug_frame   0x00000a14       0x4c d:/tools/imt_sdk_win_64/winarm/armgcc/bin/../lib/gcc/arm-none-eabi/7.2.1/../../../../arm-none-eabi/lib/thumb/v7e-m\libg_nano.a(lib_a-vsnprintf.o)
 .debug_frame   0x00000a60       0x90 d:/tools/imt_sdk_win_64/winarm/armgcc/bin/../lib/gcc/arm-none-eabi/7.2.1/../../../../arm-none-eabi/lib/thumb/v7e-m\libg_nano.a(lib_a-nano-svfprintf.o)
 .debug_frame   0x00000af0       0x60 d:/tools/imt_sdk_win_64/winarm/armgcc/bin/../lib/gcc/arm-none-eabi/7.2.1/../../../../arm-none-eabi/lib/thumb/v7e-m\libg_nano.a(lib_a-nano-vfprintf_i.o)
 .debug_frame   0x00000b50       0x28 d:/tools/imt_sdk_win_64/winarm/armgcc/bin/../lib/gcc/arm-none-eabi/7.2.1/../../../../arm-none-eabi/lib/thumb/v7e-m\libg_nano.a(lib_a-memcpy-stub.o)
 .debug_frame   0x00000b78       0x28 d:/tools/imt_sdk_win_64/winarm/armgcc/bin/../lib/gcc/arm-none-eabi/7.2.1/../../../../arm-none-eabi/lib/thumb/v7e-m\libg_nano.a(lib_a-memmove.o)
 .debug_frame   0x00000ba0       0x38 d:/tools/imt_sdk_win_64/winarm/armgcc/bin/../lib/gcc/arm-none-eabi/7.2.1/../../../../arm-none-eabi/lib/thumb/v7e-m\libg_nano.a(lib_a-nano-freer.o)
 .debug_frame   0x00000bd8       0x2c d:/tools/imt_sdk_win_64/winarm/armgcc/bin/../lib/gcc/arm-none-eabi/7.2.1/../../../../arm-none-eabi/lib/thumb/v7e-m\libg_nano.a(lib_a-nano-mallocr.o)
 .debug_frame   0x00000c04       0x3c d:/tools/imt_sdk_win_64/winarm/armgcc/bin/../lib/gcc/arm-none-eabi/7.2.1/../../../../arm-none-eabi/lib/thumb/v7e-m\libg_nano.a(lib_a-nano-reallocr.o)
 .debug_frame   0x00000c40       0x2c d:/tools/imt_sdk_win_64/winarm/armgcc/bin/../lib/gcc/arm-none-eabi/7.2.1/../../../../arm-none-eabi/lib/thumb/v7e-m\libg_nano.a(lib_a-sbrkr.o)
 .debug_frame   0x00000c6c       0x30 d:/tools/imt_sdk_win_64/winarm/armgcc/bin/../lib/gcc/arm-none-eabi/7.2.1/../../../../arm-none-eabi/lib/thumb/v7e-m\libg_nano.a(lib_a-mlock.o)
 .debug_frame   0x00000c9c       0x20 d:/tools/imt_sdk_win_64/winarm/armgcc/bin/../lib/gcc/arm-none-eabi/7.2.1/../../../../arm-none-eabi/lib/thumb/v7e-m\libg_nano.a(lib_a-nano-msizer.o)

.debug_str      0x00000000    0x74216
 *(.debug_str)
 .debug_str     0x00000000     0x7d19 ./system/src/newlib/_exit.o
                               0x7eec (size before relaxing)
 .debug_str     0x00007d19      0x4f5 ./system/src/newlib/_sbrk.o
                               0x729e (size before relaxing)
 .debug_str     0x0000820e      0xc23 ./system/src/newlib/_startup.o
                               0x6a3f (size before relaxing)
 .debug_str     0x00008e31      0xe8b ./system/src/newlib/_syscalls.o
                               0x8179 (size before relaxing)
 .debug_str     0x00009cbc      0x826 ./system/src/diag/Trace.o
                               0x8664 (size before relaxing)
 .debug_str     0x0000a4e2    0x67a2e ./system/src/diag/trace_impl.o
                              0x7098a (size before relaxing)
 .debug_str     0x00071f10       0xc4 ./system/src/cortexm/_initialize_hardware.o
                              0x6f71c (size before relaxing)
 .debug_str     0x00071fd4      0x1a6 ./system/src/cortexm/exception_handlers.o
                              0x70b14 (size before relaxing)
 .debug_str     0x0007217a      0x164 ./system/src/cmsis/system_stm32f4xx.o
                              0x6f7fd (size before relaxing)
 .debug_str     0x000722de       0x59 ./system/src/cmsis/vectors_stm32f401xc.o
                               0x387c (size before relaxing)
 .debug_str     0x00072337      0x3e0 ./src/GPTIM _program.o
                               0x31a6 (size before relaxing)
 .debug_str     0x00072717      0x11e ./src/HIR_program.o
                               0x3054 (size before relaxing)
 .debug_str     0x00072835      0x1e7 ./src/HR2RDAC_program.o
                               0x3098 (size before relaxing)
 .debug_str     0x00072a1c      0x182 ./src/HTFT_program.o
                               0x30d3 (size before relaxing)
 .debug_str     0x00072b9e      0x3fd ./src/MEXTI_program.o
                               0x3292 (size before relaxing)
 .debug_str     0x00072f9b      0x347 ./src/MGPIO_program.o
                               0x3348 (size before relaxing)
 .debug_str     0x000732e2      0x26e ./src/MNVIC_program.o
                               0x3109 (size before relaxing)
 .debug_str     0x00073550      0x381 ./src/MRCC_program.o
                               0x32e3 (size before relaxing)
 .debug_str     0x000738d1      0x333 ./src/MSPI_program.o
                               0x31e6 (size before relaxing)
 .debug_str     0x00073c04      0x2c2 ./src/MSYSTICK_program.o
                               0x318a (size before relaxing)
 .debug_str     0x00073ec6      0x152 ./src/OS_prg.o
                               0x302f (size before relaxing)
 .debug_str     0x00074018      0x1a7 ./src/TIMER2_program.o
                               0x30a4 (size before relaxing)
 .debug_str     0x000741bf       0x57 ./src/main.o
                               0x3775 (size before relaxing)

.debug_loc      0x00000000     0x1c5b
 *(.debug_loc)
 .debug_loc     0x00000000       0x85 ./system/src/newlib/_sbrk.o
 .debug_loc     0x00000085      0x2cb ./system/src/newlib/_startup.o
 .debug_loc     0x00000350       0x63 ./system/src/newlib/_syscalls.o
 .debug_loc     0x000003b3       0xf6 ./system/src/diag/Trace.o
 .debug_loc     0x000004a9      0x121 ./system/src/diag/trace_impl.o
 .debug_loc     0x000005ca      0x291 ./system/src/cortexm/exception_handlers.o
 .debug_loc     0x0000085b      0x13e ./system/src/cmsis/system_stm32f4xx.o
 .debug_loc     0x00000999       0xb3 ./src/GPTIM _program.o
 .debug_loc     0x00000a4c       0x2a ./src/HIR_program.o
 .debug_loc     0x00000a76       0x5b ./src/HR2RDAC_program.o
 .debug_loc     0x00000ad1       0xe6 ./src/HTFT_program.o
 .debug_loc     0x00000bb7      0x15c ./src/MEXTI_program.o
 .debug_loc     0x00000d13      0x944 ./src/MGPIO_program.o
 .debug_loc     0x00001657      0x1be ./src/MNVIC_program.o
 .debug_loc     0x00001815      0x1b0 ./src/MRCC_program.o
 .debug_loc     0x000019c5       0xee ./src/MSYSTICK_program.o
 .debug_loc     0x00001ab3      0x1a8 ./src/OS_prg.o

.debug_macinfo
 *(.debug_macinfo)

.debug_weaknames
 *(.debug_weaknames)

.debug_funcnames
 *(.debug_funcnames)

.debug_typenames
 *(.debug_typenames)

.debug_varnames
 *(.debug_varnames)
OUTPUT(ARM_PROJECT.elf elf32-littlearm)

.debug_ranges   0x00000000      0x458
 .debug_ranges  0x00000000       0x18 ./system/src/newlib/_exit.o
 .debug_ranges  0x00000018       0x10 ./system/src/newlib/_sbrk.o
 .debug_ranges  0x00000028       0x90 ./system/src/newlib/_startup.o
 .debug_ranges  0x000000b8       0x20 ./system/src/newlib/_syscalls.o
 .debug_ranges  0x000000d8       0x28 ./system/src/diag/Trace.o
 .debug_ranges  0x00000100       0x50 ./system/src/diag/trace_impl.o
 .debug_ranges  0x00000150       0x18 ./system/src/cortexm/_initialize_hardware.o
 .debug_ranges  0x00000168       0x80 ./system/src/cortexm/exception_handlers.o
 .debug_ranges  0x000001e8       0x18 ./system/src/cmsis/system_stm32f4xx.o
 .debug_ranges  0x00000200       0x10 ./system/src/cmsis/vectors_stm32f401xc.o
 .debug_ranges  0x00000210       0x30 ./src/GPTIM _program.o
 .debug_ranges  0x00000240       0x20 ./src/HIR_program.o
 .debug_ranges  0x00000260       0x18 ./src/HR2RDAC_program.o
 .debug_ranges  0x00000278       0x28 ./src/HTFT_program.o
 .debug_ranges  0x000002a0       0x40 ./src/MEXTI_program.o
 .debug_ranges  0x000002e0       0x40 ./src/MGPIO_program.o
 .debug_ranges  0x00000320       0x38 ./src/MNVIC_program.o
 .debug_ranges  0x00000358       0x20 ./src/MRCC_program.o
 .debug_ranges  0x00000378       0x18 ./src/MSPI_program.o
 .debug_ranges  0x00000390       0x60 ./src/MSYSTICK_program.o
 .debug_ranges  0x000003f0       0x38 ./src/OS_prg.o
 .debug_ranges  0x00000428       0x18 ./src/TIMER2_program.o
 .debug_ranges  0x00000440       0x18 ./src/main.o

.debug_macro    0x00000000     0x3b8d
 .debug_macro   0x00000000      0x1b4 ./system/src/newlib/_exit.o
 .debug_macro   0x000001b4      0x10e ./system/src/newlib/_exit.o
 .debug_macro   0x000002c2       0x8d ./system/src/newlib/_exit.o
 .debug_macro   0x0000034f       0x35 ./system/src/newlib/_exit.o
 .debug_macro   0x00000384      0x169 ./system/src/newlib/_sbrk.o
 .debug_macro   0x000004ed      0x174 ./system/src/newlib/_sbrk.o
 .debug_macro   0x00000661       0x10 ./system/src/newlib/_sbrk.o
 .debug_macro   0x00000671      0x23b ./system/src/newlib/_sbrk.o
 .debug_macro   0x000008ac      0x173 ./system/src/newlib/_startup.o
 .debug_macro   0x00000a1f      0xa72 ./system/src/newlib/_startup.o
 .debug_macro   0x00001491      0x217 ./system/src/newlib/_syscalls.o
 .debug_macro   0x000016a8       0x1c ./system/src/newlib/_syscalls.o
 .debug_macro   0x000016c4       0x10 ./system/src/newlib/_syscalls.o
 .debug_macro   0x000016d4       0x10 ./system/src/newlib/_syscalls.o
 .debug_macro   0x000016e4       0x10 ./system/src/newlib/_syscalls.o
 .debug_macro   0x000016f4       0x35 ./system/src/newlib/_syscalls.o
 .debug_macro   0x00001729      0x122 ./system/src/newlib/_syscalls.o
 .debug_macro   0x0000184b       0x88 ./system/src/newlib/_syscalls.o
 .debug_macro   0x000018d3       0x2b ./system/src/newlib/_syscalls.o
 .debug_macro   0x000018fe      0x118 ./system/src/newlib/_syscalls.o
 .debug_macro   0x00001a16      0x189 ./system/src/newlib/_syscalls.o
 .debug_macro   0x00001b9f       0x16 ./system/src/newlib/_syscalls.o
 .debug_macro   0x00001bb5      0x1fb ./system/src/diag/Trace.o
 .debug_macro   0x00001db0       0x4c ./system/src/diag/Trace.o
 .debug_macro   0x00001dfc       0x16 ./system/src/diag/Trace.o
 .debug_macro   0x00001e12      0x52a ./system/src/diag/trace_impl.o
 .debug_macro   0x0000233c       0x22 ./system/src/diag/trace_impl.o
 .debug_macro   0x0000235e      0x4ee ./system/src/cortexm/_initialize_hardware.o
 .debug_macro   0x0000284c      0x557 ./system/src/cortexm/exception_handlers.o
 .debug_macro   0x00002da3       0x3b ./system/src/cortexm/exception_handlers.o
 .debug_macro   0x00002dde      0x4ea ./system/src/cmsis/system_stm32f4xx.o
 .debug_macro   0x000032c8       0x34 ./system/src/cmsis/vectors_stm32f401xc.o
 .debug_macro   0x000032fc       0x3e ./src/GPTIM _program.o
 .debug_macro   0x0000333a       0x16 ./src/GPTIM _program.o
 .debug_macro   0x00003350       0x28 ./src/GPTIM _program.o
 .debug_macro   0x00003378       0x1c ./src/GPTIM _program.o
 .debug_macro   0x00003394       0x1c ./src/GPTIM _program.o
 .debug_macro   0x000033b0       0x3a ./src/GPTIM _program.o
 .debug_macro   0x000033ea       0x35 ./src/HIR_program.o
 .debug_macro   0x0000341f       0x16 ./src/HIR_program.o
 .debug_macro   0x00003435       0x28 ./src/HIR_program.o
 .debug_macro   0x0000345d       0x22 ./src/HIR_program.o
 .debug_macro   0x0000347f       0x53 ./src/HR2RDAC_program.o
 .debug_macro   0x000034d2       0x10 ./src/HR2RDAC_program.o
 .debug_macro   0x000034e2       0x10 ./src/HR2RDAC_program.o
 .debug_macro   0x000034f2       0x5e ./src/HTFT_program.o
 .debug_macro   0x00003550       0x22 ./src/HTFT_program.o
 .debug_macro   0x00003572       0x36 ./src/MEXTI_program.o
 .debug_macro   0x000035a8       0x2e ./src/MEXTI_program.o
 .debug_macro   0x000035d6       0x40 ./src/MGPIO_program.o
 .debug_macro   0x00003616       0x3a ./src/MGPIO_program.o
 .debug_macro   0x00003650       0x36 ./src/MNVIC_program.o
 .debug_macro   0x00003686       0x28 ./src/MNVIC_program.o
 .debug_macro   0x000036ae       0x3e ./src/MRCC_program.o
 .debug_macro   0x000036ec       0x10 ./src/MRCC_program.o
 .debug_macro   0x000036fc       0x46 ./src/MRCC_program.o
 .debug_macro   0x00003742       0xd0 ./src/MRCC_program.o
 .debug_macro   0x00003812       0x45 ./src/MSPI_program.o
 .debug_macro   0x00003857       0xc4 ./src/MSPI_program.o
 .debug_macro   0x0000391b       0x2e ./src/MSPI_program.o
 .debug_macro   0x00003949       0x3f ./src/MSYSTICK_program.o
 .debug_macro   0x00003988       0x3a ./src/MSYSTICK_program.o
 .debug_macro   0x000039c2       0x10 ./src/MSYSTICK_program.o
 .debug_macro   0x000039d2       0x4a ./src/OS_prg.o
 .debug_macro   0x00003a1c       0x16 ./src/OS_prg.o
 .debug_macro   0x00003a32       0x3f ./src/TIMER2_program.o
 .debug_macro   0x00003a71       0x4c ./src/TIMER2_program.o
 .debug_macro   0x00003abd       0x16 ./src/TIMER2_program.o
 .debug_macro   0x00003ad3       0xaa ./src/main.o
 .debug_macro   0x00003b7d       0x10 ./src/main.o
